// Jest Snapshot v1, https://goo.gl/fbAQLP

exports[`Button Button snapshot 1`] = `
<button
  className="button "
  onClick={[MockFunction]}
  type="submit"
>
  label
</button>
`;
