// Jest Snapshot v1, https://goo.gl/fbAQLP

exports[`render SearchField component 1`] = `
<input
  autoFocus={true}
  className="search-field "
  onChange={[Function]}
  placeholder="placeholder"
  type="text"
/>
`;
